// Jest Snapshot v1, https://goo.gl/fbAQLP

exports[`should return a link to download a .gitignore file that includes configurations for Next.js and Storybook 1`] = `
"// Copy and past the url to the address bar or go to toptal.com
  
https://www.toptal.com/developers/gitignore/api/dotenv,git,intellij,macos,node,visualstudiocode,webstorm,windows,yarn,nextjs,storybookjs

// If you want to add or remove some files from the .vscode directory, look for the '### VisualStudioCode ###' in the ignore code and make your changes there."
`;
