// Jest Snapshot v1, https://goo.gl/fbAQLP

exports[`should return a socket.d.ts file 1`] = `
"export interface ServerToClientEvents {
  noArg: () => void
  basicEmit: (a: number, b: string, c: Buffer) => void
  withAck: (d: string, callback: (e: number) => void) => void
  hello: (prop: string) => void
}

export interface ClientToServerEvents {
  hello: () => void
}

export interface InterServerEvents {
  ping: () => void
}

export interface SocketData {
  name: string
  age: number
}"
`;
